
> starter_helpi@0.1.0 test
> react-scripts test --coverage

  console.warn
    No routes matched location "/"

      4 |
      5 | test("renders learn react link", () => {
    > 6 |   render(<App />);
        |         ^
      7 |   const linkElement = screen.getByText(/learn react/i);
      8 |   expect(linkElement).toBeInTheDocument();
      9 | });

      at Object.warning [as UNSAFE_warning] (node_modules/@remix-run/router/history.ts:501:49)
      at useRoutesImpl (node_modules/react-router/lib/hooks.tsx:450:5)
      at useRoutes (node_modules/react-router/lib/hooks.tsx:343:10)
      at Routes (node_modules/react-router/lib/components.tsx:507:10)
      at renderWithHooks (node_modules/react-dom/cjs/react-dom.development.js:16305:18)
      at mountIndeterminateComponent (node_modules/react-dom/cjs/react-dom.development.js:20074:13)
      at beginWork (node_modules/react-dom/cjs/react-dom.development.js:21587:16)
      at beginWork$1 (node_modules/react-dom/cjs/react-dom.development.js:27426:14)
      at performUnitOfWork (node_modules/react-dom/cjs/react-dom.development.js:26560:12)
      at workLoopSync (node_modules/react-dom/cjs/react-dom.development.js:26466:5)
      at renderRootSync (node_modules/react-dom/cjs/react-dom.development.js:26434:7)
      at performConcurrentWorkOnRoot (node_modules/react-dom/cjs/react-dom.development.js:25738:74)
      at flushActQueue (node_modules/react/cjs/react.development.js:2667:24)
      at act (node_modules/react/cjs/react.development.js:2582:11)
      at node_modules/@testing-library/react/dist/act-compat.js:63:25
      at renderRoot (node_modules/@testing-library/react/dist/pure.js:159:26)
      at render (node_modules/@testing-library/react/dist/pure.js:246:10)
      at Object.<anonymous> (src/App.test.tsx:6:9)
      at TestScheduler.scheduleTests (node_modules/@jest/core/build/TestScheduler.js:333:13)
      at runJest (node_modules/@jest/core/build/runJest.js:404:19)
      at _run10000 (node_modules/@jest/core/build/cli/index.js:320:7)
      at runCLI (node_modules/@jest/core/build/cli/index.js:173:3)

FAIL src/App.test.tsx
  ✕ renders learn react link (111 ms)

  ● renders learn react link

    TestingLibraryElementError: Unable to find an element with the text: /learn react/i. This could be because the text is broken up by multiple elements. In this case, you can provide a function for your text matcher to make your matcher more flexible.

    Ignored nodes: comments, script, style
    [36m<body>[39m
      [36m<div>[39m
        [36m<div[39m
          [33mclass[39m=[32m"App"[39m
        [36m>[39m
          [36m<nav[39m
            [33mclass[39m=[32m"navbar navbar-expand-lg navbar-light bg-light"[39m
          [36m>[39m
            [36m<a[39m
              [33mclass[39m=[32m"logo navbar-brand"[39m
              [33mhref[39m=[32m"/"[39m
            [36m>[39m
              [36m<img[39m
                [33malt[39m=[32m"Caribou"[39m
                [33msrc[39m=[32m"caribou.png"[39m
              [36m/>[39m
            [36m</a>[39m
            [36m<h1>[39m
              [0mCAREERibou[0m
            [36m</h1>[39m
            [36m<div[39m
              [33mclass[39m=[32m"navbar-collapse collapse"[39m
              [33mid[39m=[32m"basic-navbar-nav"[39m
            [36m>[39m
              [36m<div[39m
                [33mclass[39m=[32m"navbar-nav"[39m
              [36m>[39m
                [36m<a[39m
                  [33mclass[39m=[32m"nav-link"[39m
                  [33mhref[39m=[32m"/basic"[39m
                [36m>[39m
                  [0mBasic Quiz[0m
                [36m</a>[39m
                [36m<a[39m
                  [33mclass[39m=[32m"nav-link"[39m
                  [33mhref[39m=[32m"/detailed"[39m
                [36m>[39m
                  [0mDetailed Quiz[0m
                [36m</a>[39m
              [36m</div>[39m
            [36m</div>[39m
          [36m</nav>[39m
          [36m<form[39m
            [33mclass[39m=[32m""[39m
          [36m>[39m
            [36m<label[39m
              [33mclass[39m=[32m"form-label"[39m
            [36m>[39m
              [0mAPI Key:[0m
            [36m</label>[39m
            [36m<input[39m
              [33mclass[39m=[32m"form-control"[39m
              [33mplaceholder[39m=[32m"Insert API Key Here"[39m
              [33mtype[39m=[32m"password"[39m
            [36m/>[39m
            [36m<br />[39m
            [36m<button[39m
              [33mclass[39m=[32m"Submit-Button btn btn-primary"[39m
              [33mtype[39m=[32m"button"[39m
            [36m>[39m
              [0mSubmit[0m
            [36m</button>[39m
          [36m</form>[39m
        [36m</div>[39m
      [36m</div>[39m
    [36m</body>[39m

       5 | test("renders learn react link", () => {
       6 |   render(<App />);
    >  7 |   const linkElement = screen.getByText(/learn react/i);
         |                              ^
       8 |   expect(linkElement).toBeInTheDocument();
       9 | });
      10 |

      at Object.getElementError (node_modules/@testing-library/react/node_modules/@testing-library/dom/dist/config.js:37:19)
      at node_modules/@testing-library/react/node_modules/@testing-library/dom/dist/query-helpers.js:76:38
      at node_modules/@testing-library/react/node_modules/@testing-library/dom/dist/query-helpers.js:52:17
      at getByText (node_modules/@testing-library/react/node_modules/@testing-library/dom/dist/query-helpers.js:95:19)
      at Object.<anonymous> (src/App.test.tsx:7:30)
      at TestScheduler.scheduleTests (node_modules/@jest/core/build/TestScheduler.js:333:13)
      at runJest (node_modules/@jest/core/build/runJest.js:404:19)
      at _run10000 (node_modules/@jest/core/build/cli/index.js:320:7)
      at runCLI (node_modules/@jest/core/build/cli/index.js:173:3)

--------------------|---------|----------|---------|---------|-------------------
File                | % Stmts | % Branch | % Funcs | % Lines | Uncovered Line #s 
--------------------|---------|----------|---------|---------|-------------------
All files           |   25.92 |    16.66 |      20 |   25.92 |                   
 App.tsx            |      60 |       50 |   33.33 |      60 | 15,23-29          
 basic.tsx          |       0 |      100 |       0 |       0 | 3                 
 detailed.tsx       |       0 |      100 |       0 |       0 | 9-105             
 index.tsx          |       0 |      100 |     100 |       0 | 7-19              
 navbar.tsx         |     100 |      100 |     100 |     100 |                   
 reportWebVitals.ts |       0 |        0 |       0 |       0 | 3-10              
--------------------|---------|----------|---------|---------|-------------------
Test Suites: 1 failed, 1 total
Tests:       1 failed, 1 total
Snapshots:   0 total
Time:        2.839 s
Ran all test suites.
[0;33mOne of your dependencies, babel-preset-react-app, is importing the
"@babel/plugin-proposal-private-property-in-object" package without
declaring it in its dependencies. This is currently working because
"@babel/plugin-proposal-private-property-in-object" is already in your
node_modules folder for unrelated reasons, but it [1mmay break at any time[0;33m.

babel-preset-react-app is part of the create-react-app project, [1mwhich
is not maintianed anymore[0;33m. It is thus unlikely that this bug will
ever be fixed. Add "@babel/plugin-proposal-private-property-in-object" to
your devDependencies to work around this error. This will make this message
go away.[0m
  
